[{"node":"common","status":"nested","children":[{"node":"follow","status":"added","value":false},{"node":"setting1","status":"unchanged","value":"Value 1"},{"node":"setting2","status":"removed","value":200},{"node":"setting3","status":"updated","value":true,"value1":null},{"node":"setting4","status":"added","value":"blah blah"},{"node":"setting5","status":"added","value":{"key5":"value5"}},{"node":"setting6","status":"nested","children":[{"node":"doge","status":"nested","children":[{"node":"wow","status":"updated","value":"","value1":"so much"}]},{"node":"key","status":"unchanged","value":"value"},{"node":"ops","status":"added","value":"vops"}]}]},{"node":"group1","status":"nested","children":[{"node":"baz","status":"updated","value":"bas","value1":"bars"},{"node":"foo","status":"unchanged","value":"bar"},{"node":"nest","status":"updated","value":{"key":"value"},"value1":"str"}]},{"node":"group2","status":"removed","value":{"abc":12345,"deep":{"id":45}}},{"node":"group3","status":"added","value":{"deep":{"id":{"number":45}},"fee":100500}}]