[{"status":"unchanged","node":"common","value":[{"status":"added","node":"follow","value":false},{"status":"unchanged","node":"setting1","value":"Value 1"},{"status":"removed","node":"setting2","value":200},{"status":"updated","node":"setting3","value":true,"newValue":null},{"status":"added","node":"setting4","value":"blah blah"},{"status":"added","node":"setting5","value":[{"status":"unchanged","node":"key5","value":"value5"}]},{"status":"unchanged","node":"setting6","value":[{"status":"unchanged","node":"doge","value":[{"status":"updated","node":"wow","value":"","newValue":"so much"}]},{"status":"unchanged","node":"key","value":"value"},{"status":"added","node":"ops","value":"vops"}]}]},{"status":"unchanged","node":"group1","value":[{"status":"updated","node":"baz","value":"bas","newValue":"bars"},{"status":"unchanged","node":"foo","value":"bar"},{"status":"updated","node":"nest","value":[{"status":"unchanged","node":"key","value":"value"}],"newValue":"str"}]},{"status":"removed","node":"group2","value":[{"status":"unchanged","node":"abc","value":12345},{"status":"unchanged","node":"deep","value":[{"status":"unchanged","node":"id","value":45}]}]},{"status":"added","node":"group3","value":[{"status":"unchanged","node":"deep","value":[{"status":"unchanged","node":"id","value":[{"status":"unchanged","node":"number","value":45}]}]},{"status":"unchanged","node":"fee","value":100500}]}]